# serializer version: 1
# name: test_snapshot
  dict({
    'control': dict({
      'curfew': list([
        dict({
          'enabled': True,
          'lock_time': '19:30',
          'unlock_time': '06:00',
        }),
        dict({
          'enabled': False,
          'lock_time': '12:00',
          'unlock_time': '12:01',
        }),
        dict({
          'enabled': False,
          'lock_time': '13:00',
          'unlock_time': '13:01',
        }),
        dict({
          'enabled': False,
          'lock_time': '14:00',
          'unlock_time': '14:01',
        }),
      ]),
      'fail_safe': 0,
      'fast_polling': False,
      'locking': <FlapLocking.UNLOCKED: 0>,
      'tags': list([
        dict({
          'created_at': datetime.datetime(2025, 8, 22, 12, 4, tzinfo=TzInfo(UTC)),
          'device_id': 1334025,
          'id': 1570310,
          'index': 1,
          'profile': 2,
          'updated_at': datetime.datetime(2025, 8, 22, 12, 5, 39, tzinfo=TzInfo(UTC)),
          'version': 3,
        }),
        dict({
          'created_at': datetime.datetime(2025, 8, 22, 16, 17, 11, tzinfo=TzInfo(UTC)),
          'device_id': 1334025,
          'id': 1959332,
          'index': 2,
          'profile': 3,
          'updated_at': datetime.datetime(2025, 8, 22, 16, 17, 23, tzinfo=TzInfo(UTC)),
          'version': 2,
        }),
        dict({
          'created_at': datetime.datetime(2025, 9, 1, 6, 13, 25, tzinfo=TzInfo(UTC)),
          'device_id': 1334025,
          'id': 2007261,
          'index': 3,
          'profile': 3,
          'updated_at': datetime.datetime(2025, 9, 1, 6, 13, 35, tzinfo=TzInfo(UTC)),
          'version': 2,
        }),
      ]),
    }),
    'entity_info': dict({
      'household_id': 7777,
      'id': 1334025,
      'name': 'Patio Door',
      'product_id': 6,
    }),
    'status': dict({
      'battery': 5.72,
      'learn_mode': False,
      'locking': dict({
        'mode': <FlapLocking.UNLOCKED: 0>,
      }),
      'online': True,
      'signal': dict({
        'device_rssi': -76,
      }),
      'version': dict({
        'device': dict({
          'firmware': '335.422',
          'hardware': '11',
        }),
      }),
    }),
    'timezone': 'Europe/Stockholm',
  })
# ---
