# serializer version: 1
# name: test_snapshot[device_names0]
  dict({
    'control': dict({
      'curfew': dict({
        'enabled': False,
        'lock_time': datetime.time(8, 0),
        'unlock_time': datetime.time(17, 0),
      }),
      'fast_polling': True,
      'locking': <FlapLocking.UNLOCKED: 0>,
      'tags': None,
    }),
    'entity_info': dict({
      'household_id': 7777,
      'id': 727608,
      'name': 'Laundry Door',
      'parent_device_id': None,
      'photo': None,
      'product_id': 3,
      'tag': None,
      'tag_id': None,
    }),
    'status': dict({
      'battery': 6.0,
      'learn_mode': False,
      'locking': dict({
        'mode': <FlapLocking.UNLOCKED: 0>,
      }),
      'online': True,
      'signal': dict({
        'device_rssi': -88,
      }),
      'version': dict({
        'device': dict({
          'firmware': '1.1',
          'hardware': '1.2',
        }),
        'lcd': dict({
          'firmware': '1.0',
          'hardware': '1.0',
        }),
        'rf': dict({
          'firmware': '0.16',
          'hardware': '4.0',
        }),
      }),
    }),
    'timezone': 'Europe/Stockholm',
  })
# ---
