# serializer version: 1
# name: test_snapshot
  dict({
    'control': dict({
    }),
    'entity_info': dict({
      'household_id': 7777,
      'id': 123455,
      'name': 'Maui',
      'photo': dict({
        'created_at': datetime.datetime(2023, 10, 3, 15, 18, 9, tzinfo=TzInfo(UTC)),
        'hash': 'UCcarrDHzX0MkjEORQqCXNLKxsdweCQPJjl3OQ7s',
        'id': 623733,
        'location': 'https://userimages.production.surehub.io/thm/3139194472/UCcarrDHzX0MkjEORQqCXNLKxsdweCQPJjl3OQ7s.jpg',
        'title': '1696346281223-cropped.jpg?1696346286094',
        'updated_at': datetime.datetime(2023, 10, 3, 15, 18, 9, tzinfo=TzInfo(UTC)),
        'uploading_user_id': 3139194472,
        'version': 0,
      }),
      'product_id': 0,
      'tag': dict({
        'created_at': '2019-09-04T20:28:11+00:00',
        'id': 60978,
        'supported_product_ids': list([
          3,
          4,
          6,
          8,
          10,
          32,
        ]),
        'tag': '752.093200030403',
        'updated_at': '2020-03-11T14:21:07+00:00',
        'version': 1,
      }),
      'tag_id': 60978,
    }),
    'last_fetched_datetime': '<ANY>',
    'status': dict({
      'report': dict({
        'drinking': list([
        ]),
        'feeding': list([
          dict({
            'bowl_count': 2,
            'context': 1,
            'device_id': 269654,
            'duration': 44,
            'from_': datetime.datetime(2025, 5, 27, 22, 37, 30, tzinfo=TzInfo(UTC)),
            'to': datetime.datetime(2025, 5, 27, 22, 38, 14, tzinfo=TzInfo(UTC)),
            'weights': list([
              dict({
                'change': -4.0,
                'food_type_id': <FoodType.WET: 1>,
                'index': <BowlPosition.LEFT: 0>,
                'target_weight': 0.0,
                'weight': 24.0,
              }),
              dict({
                'change': 0.0,
                'food_type_id': <FoodType.WET: 1>,
                'index': <BowlPosition.RIGHT: 1>,
                'target_weight': 0.0,
                'weight': 0.0,
              }),
            ]),
          }),
          dict({
            'bowl_count': 1,
            'context': 1,
            'device_id': 1181149,
            'duration': 89,
            'from_': datetime.datetime(2025, 5, 27, 1, 43, 35, tzinfo=TzInfo(UTC)),
            'to': datetime.datetime(2025, 5, 27, 1, 45, 4, tzinfo=TzInfo(UTC)),
            'weights': list([
              dict({
                'change': -4.0,
                'food_type_id': <FoodType.DRY: 2>,
                'index': <BowlPosition.LEFT: 0>,
                'target_weight': 0.0,
                'weight': 71.0,
              }),
              dict({
                'change': 0.0,
                'index': <BowlPosition.RIGHT: 1>,
                'target_weight': 0.0,
                'weight': 0.0,
              }),
            ]),
          }),
          dict({
            'bowl_count': 1,
            'context': 1,
            'device_id': 1181149,
            'duration': 67,
            'from_': datetime.datetime(2025, 5, 27, 3, 50, 44, tzinfo=TzInfo(UTC)),
            'to': datetime.datetime(2025, 5, 27, 3, 51, 51, tzinfo=TzInfo(UTC)),
            'weights': list([
              dict({
                'change': -3.0,
                'food_type_id': <FoodType.DRY: 2>,
                'index': <BowlPosition.LEFT: 0>,
                'target_weight': 0.0,
                'weight': 68.0,
              }),
              dict({
                'change': 0.0,
                'index': <BowlPosition.RIGHT: 1>,
                'target_weight': 0.0,
                'weight': 0.0,
              }),
            ]),
          }),
          dict({
            'bowl_count': 1,
            'context': 1,
            'device_id': 1181149,
            'duration': 85,
            'from_': datetime.datetime(2025, 5, 27, 9, 28, 56, tzinfo=TzInfo(UTC)),
            'to': datetime.datetime(2025, 5, 27, 9, 30, 21, tzinfo=TzInfo(UTC)),
            'weights': list([
              dict({
                'change': -3.0,
                'food_type_id': <FoodType.DRY: 2>,
                'index': <BowlPosition.LEFT: 0>,
                'target_weight': 0.0,
                'weight': 65.0,
              }),
              dict({
                'change': 0.0,
                'index': <BowlPosition.RIGHT: 1>,
                'target_weight': 0.0,
                'weight': 0.0,
              }),
            ]),
          }),
          dict({
            'bowl_count': 1,
            'context': 1,
            'device_id': 1181149,
            'duration': 71,
            'from_': datetime.datetime(2025, 5, 27, 10, 3, 25, tzinfo=TzInfo(UTC)),
            'to': datetime.datetime(2025, 5, 27, 10, 4, 36, tzinfo=TzInfo(UTC)),
            'weights': list([
              dict({
                'change': -2.0,
                'food_type_id': <FoodType.DRY: 2>,
                'index': <BowlPosition.LEFT: 0>,
                'target_weight': 0.0,
                'weight': 63.0,
              }),
              dict({
                'change': 0.0,
                'index': <BowlPosition.RIGHT: 1>,
                'target_weight': 0.0,
                'weight': 0.0,
              }),
            ]),
          }),
          dict({
            'bowl_count': 1,
            'context': 1,
            'device_id': 1181149,
            'duration': 122,
            'from_': datetime.datetime(2025, 5, 27, 16, 21, 43, tzinfo=TzInfo(UTC)),
            'to': datetime.datetime(2025, 5, 27, 16, 23, 45, tzinfo=TzInfo(UTC)),
            'weights': list([
              dict({
                'change': -6.0,
                'food_type_id': <FoodType.DRY: 2>,
                'index': <BowlPosition.LEFT: 0>,
                'target_weight': 0.0,
                'weight': 56.0,
              }),
              dict({
                'change': 0.0,
                'index': <BowlPosition.RIGHT: 1>,
                'target_weight': 0.0,
                'weight': 0.0,
              }),
            ]),
          }),
          dict({
            'bowl_count': 1,
            'context': 1,
            'device_id': 1181149,
            'duration': 80,
            'from_': datetime.datetime(2025, 5, 27, 18, 24, 10, tzinfo=TzInfo(UTC)),
            'to': datetime.datetime(2025, 5, 27, 18, 25, 30, tzinfo=TzInfo(UTC)),
            'weights': list([
              dict({
                'change': -3.0,
                'food_type_id': <FoodType.DRY: 2>,
                'index': <BowlPosition.LEFT: 0>,
                'target_weight': 0.0,
                'weight': 54.0,
              }),
              dict({
                'change': 0.0,
                'index': <BowlPosition.RIGHT: 1>,
                'target_weight': 0.0,
                'weight': 0.0,
              }),
            ]),
          }),
          dict({
            'bowl_count': 1,
            'context': 1,
            'device_id': 1181149,
            'duration': 65,
            'from_': datetime.datetime(2025, 5, 27, 19, 28, 49, tzinfo=TzInfo(UTC)),
            'to': datetime.datetime(2025, 5, 27, 19, 29, 54, tzinfo=TzInfo(UTC)),
            'weights': list([
              dict({
                'change': -2.0,
                'food_type_id': <FoodType.DRY: 2>,
                'index': <BowlPosition.LEFT: 0>,
                'target_weight': 0.0,
                'weight': 51.0,
              }),
              dict({
                'change': 0.0,
                'index': <BowlPosition.RIGHT: 1>,
                'target_weight': 0.0,
                'weight': 0.0,
              }),
            ]),
          }),
          dict({
            'bowl_count': 1,
            'context': 1,
            'device_id': 1181149,
            'duration': 81,
            'from_': datetime.datetime(2025, 5, 27, 20, 24, 56, tzinfo=TzInfo(UTC)),
            'to': datetime.datetime(2025, 5, 27, 20, 26, 17, tzinfo=TzInfo(UTC)),
            'weights': list([
              dict({
                'change': -5.0,
                'food_type_id': <FoodType.DRY: 2>,
                'index': <BowlPosition.LEFT: 0>,
                'target_weight': 0.0,
                'weight': 47.0,
              }),
              dict({
                'change': 0.0,
                'index': <BowlPosition.RIGHT: 1>,
                'target_weight': 0.0,
                'weight': 0.0,
              }),
            ]),
          }),
        ]),
        'movement': list([
        ]),
      }),
    }),
    'timezone': 'Europe/Stockholm',
  })
# ---
# name: test_snapshot.1
  dict({
    'control': dict({
    }),
    'entity_info': dict({
      'household_id': 7777,
      'id': 629768,
      'name': 'Fionna',
      'photo': dict({
        'created_at': datetime.datetime(2025, 2, 28, 15, 34, 12, tzinfo=TzInfo(UTC)),
        'hash': 'R01qBHfrNHNkeMiNQrtfgoWlOtUGj8TqTCzgyUZPsI',
        'id': 820465,
        'location': 'https://userimages.production.surehub.io/thm/XXXXXXXXX/R01qBHfrNHNkeMiNQrtfgoWlOtUGj8TqTCzgyUZPsI.jpg',
        'uploading_user_id': 9999999,
        'version': 0,
      }),
      'product_id': 0,
      'tag': dict({
        'created_at': '2025-02-28T13:34:39+00:00',
        'id': 1725049,
        'supported_product_ids': list([
          3,
          4,
          6,
          8,
          10,
          32,
        ]),
        'tag': '756.098101172569',
        'version': 0,
      }),
      'tag_id': 1725049,
    }),
    'last_fetched_datetime': '<ANY>',
    'status': dict({
      'report': dict({
        'drinking': list([
        ]),
        'feeding': list([
          dict({
            'bowl_count': 1,
            'context': 5,
            'device_id': 1184438,
            'duration': 5324,
            'from_': datetime.datetime(2025, 9, 11, 4, 7, 14, tzinfo=TzInfo(UTC)),
            'to': datetime.datetime(2025, 9, 11, 5, 35, 58, tzinfo=TzInfo(UTC)),
            'weights': list([
              dict({
                'change': 41.0,
                'food_type_id': <FoodType.WET: 1>,
                'index': <BowlPosition.LEFT: 0>,
                'target_weight': 0.0,
                'weight': 120.0,
              }),
              dict({
                'change': 0.0,
                'food_type_id': <FoodType.DRY: 2>,
                'index': <BowlPosition.RIGHT: 1>,
                'target_weight': 0.0,
                'weight': 0.0,
              }),
            ]),
          }),
          dict({
            'bowl_count': 1,
            'context': 1,
            'device_id': 1184438,
            'duration': 221,
            'from_': datetime.datetime(2025, 9, 11, 5, 36, 31, tzinfo=TzInfo(UTC)),
            'to': datetime.datetime(2025, 9, 11, 5, 40, 12, tzinfo=TzInfo(UTC)),
            'weights': list([
              dict({
                'change': -26.0,
                'food_type_id': <FoodType.WET: 1>,
                'index': <BowlPosition.LEFT: 0>,
                'target_weight': 0.0,
                'weight': 92.0,
              }),
              dict({
                'change': 0.0,
                'food_type_id': <FoodType.DRY: 2>,
                'index': <BowlPosition.RIGHT: 1>,
                'target_weight': 0.0,
                'weight': 0.0,
              }),
            ]),
          }),
          dict({
            'bowl_count': 1,
            'context': 1,
            'device_id': 1184438,
            'duration': 149,
            'from_': datetime.datetime(2025, 9, 11, 6, 33, 27, tzinfo=TzInfo(UTC)),
            'to': datetime.datetime(2025, 9, 11, 6, 35, 56, tzinfo=TzInfo(UTC)),
            'weights': list([
              dict({
                'change': -16.0,
                'food_type_id': <FoodType.WET: 1>,
                'index': <BowlPosition.LEFT: 0>,
                'target_weight': 0.0,
                'weight': 76.0,
              }),
              dict({
                'change': 0.0,
                'food_type_id': <FoodType.DRY: 2>,
                'index': <BowlPosition.RIGHT: 1>,
                'target_weight': 0.0,
                'weight': 0.0,
              }),
            ]),
          }),
        ]),
        'movement': list([
          dict({
            'duration': 2954,
            'entry_device_id': 1299999,
            'entry_movement_id': 0,
            'exit_device_id': 1299999,
            'exit_movement_id': 0,
            'from_': datetime.datetime(2025, 9, 11, 5, 44, 2, tzinfo=TzInfo(UTC)),
            'to': datetime.datetime(2025, 9, 11, 6, 33, 16, tzinfo=TzInfo(UTC)),
          }),
          dict({
            'duration': 2869,
            'entry_device_id': 1299999,
            'entry_movement_id': 0,
            'exit_device_id': 1299999,
            'exit_movement_id': 0,
            'from_': datetime.datetime(2025, 9, 11, 6, 43, 51, tzinfo=TzInfo(UTC)),
            'to': datetime.datetime(2025, 9, 11, 7, 31, 40, tzinfo=TzInfo(UTC)),
          }),
          dict({
            'duration': 963,
            'entry_device_id': 1299999,
            'entry_movement_id': 0,
            'exit_device_id': 1299999,
            'exit_movement_id': 0,
            'from_': datetime.datetime(2025, 9, 11, 7, 32, 20, tzinfo=TzInfo(UTC)),
            'to': datetime.datetime(2025, 9, 11, 7, 48, 23, tzinfo=TzInfo(UTC)),
          }),
          dict({
            'active': True,
            'entry_movement_id': 0,
            'exit_movement_id': 0,
            'from_': datetime.datetime(2025, 9, 11, 10, 35, 57, tzinfo=TzInfo(UTC)),
          }),
        ]),
      }),
    }),
    'timezone': 'Europe/Stockholm',
  })
# ---
