# serializer version: 1
# name: test_snapshot
  dict({
    'control': dict({
      'led_mode': <HubLedMode.NONE: 0>,
      'pairing_mode': <HubPairMode.OFF: 0>,
    }),
    'entity_info': dict({
      'household_id': 222527,
      'id': 295972,
      'name': 'Hem-hub',
      'product_id': 1,
    }),
    'status': dict({
      'led_mode': <HubLedMode.NONE: 0>,
      'online': True,
      'pairing_mode': <HubPairMode.OFF: 0>,
      'version': dict({
        'device': dict({
          'firmware': '239.400',
          'hardware': '3.0',
        }),
      }),
    }),
    'timezone': 'Europe/Stockholm',
  })
# ---
